[debug] [2026-05-20T05:00:39.194Z] ----------------------------------------------------------------------
[debug] [2026-05-20T05:00:39.195Z] Command:       /Users/spotts/.nvm/versions/node/v20.19.0/bin/node /Users/spotts/.nvm/versions/node/v20.19.0/bin/firebase deploy
[debug] [2026-05-20T05:00:39.195Z] CLI Version:   14.5.1
[debug] [2026-05-20T05:00:39.195Z] Platform:      darwin
[debug] [2026-05-20T05:00:39.195Z] Node Version:  v20.19.0
[debug] [2026-05-20T05:00:39.195Z] Time:          Tue May 19 2026 22:00:39 GMT-0700 (Mountain Standard Time)
[debug] [2026-05-20T05:00:39.195Z] ----------------------------------------------------------------------
[debug] 
[debug] [2026-05-20T05:00:39.262Z] > command requires scopes: ["email","openid","https://www.googleapis.com/auth/cloudplatformprojects.readonly","https://www.googleapis.com/auth/firebase","https://www.googleapis.com/auth/cloud-platform"]
[debug] [2026-05-20T05:00:39.262Z] > authorizing via signed-in user (mcspotts@gmail.com)
[debug] [2026-05-20T05:00:39.262Z] [iam] checking project fine-line-laser-cutting for permissions ["firebase.projects.get","firebasehosting.sites.update"]
[debug] [2026-05-20T05:00:39.263Z] Checked if tokens are valid: false, expires at: 1749079149889
[debug] [2026-05-20T05:00:39.263Z] Checked if tokens are valid: false, expires at: 1749079149889
[debug] [2026-05-20T05:00:39.263Z] > refreshing access token with scopes: []
[debug] [2026-05-20T05:00:39.263Z] >>> [apiv2][query] POST https://www.googleapis.com/oauth2/v3/token [none]
[debug] [2026-05-20T05:00:39.263Z] >>> [apiv2][body] POST https://www.googleapis.com/oauth2/v3/token [omitted]
[debug] [2026-05-20T05:00:39.408Z] <<< [apiv2][status] POST https://www.googleapis.com/oauth2/v3/token 400
[debug] [2026-05-20T05:00:39.408Z] <<< [apiv2][body] POST https://www.googleapis.com/oauth2/v3/token [omitted]
[debug] [2026-05-20T05:00:39.408Z] >>> [apiv2][query] POST https://cloudresourcemanager.googleapis.com/v1/projects/fine-line-laser-cutting:testIamPermissions [none]
[debug] [2026-05-20T05:00:39.408Z] >>> [apiv2][(partial)header] POST https://cloudresourcemanager.googleapis.com/v1/projects/fine-line-laser-cutting:testIamPermissions x-goog-quota-user=projects/fine-line-laser-cutting
[debug] [2026-05-20T05:00:39.408Z] >>> [apiv2][body] POST https://cloudresourcemanager.googleapis.com/v1/projects/fine-line-laser-cutting:testIamPermissions {"permissions":["firebase.projects.get","firebasehosting.sites.update"]}
[debug] [2026-05-20T05:00:39.664Z] <<< [apiv2][status] POST https://cloudresourcemanager.googleapis.com/v1/projects/fine-line-laser-cutting:testIamPermissions 401
[debug] [2026-05-20T05:00:39.665Z] <<< [apiv2][body] POST https://cloudresourcemanager.googleapis.com/v1/projects/fine-line-laser-cutting:testIamPermissions {"error":{"code":401,"message":"Request had invalid authentication credentials. Expected OAuth 2 access token, login cookie or other valid authentication credential. See https://developers.google.com/identity/sign-in/web/devconsole-project.","status":"UNAUTHENTICATED","details":[{"@type":"type.googleapis.com/google.rpc.ErrorInfo","reason":"ACCESS_TOKEN_TYPE_UNSUPPORTED","metadata":{"service":"cloudresourcemanager.googleapis.com","method":"google.cloudresourcemanager.v1.Projects.TestIamPermissions"}}]}}
[debug] [2026-05-20T05:00:39.665Z] Got a 401 Unauthenticated error for a call that required authentication. Refreshing tokens.
[debug] [2026-05-20T05:00:39.665Z] Checked if tokens are valid: false, expires at: 1749079149889
[debug] [2026-05-20T05:00:39.665Z] Checked if tokens are valid: false, expires at: 1749079149889
[debug] [2026-05-20T05:00:39.665Z] > refreshing access token with scopes: []
[debug] [2026-05-20T05:00:39.666Z] >>> [apiv2][query] POST https://www.googleapis.com/oauth2/v3/token [none]
[debug] [2026-05-20T05:00:39.666Z] >>> [apiv2][body] POST https://www.googleapis.com/oauth2/v3/token [omitted]
[debug] [2026-05-20T05:00:39.742Z] <<< [apiv2][status] POST https://www.googleapis.com/oauth2/v3/token 400
[debug] [2026-05-20T05:00:39.743Z] <<< [apiv2][body] POST https://www.googleapis.com/oauth2/v3/token [omitted]
[debug] [2026-05-20T05:00:39.744Z] [iam] error while checking permissions, command may fail: Request to https://cloudresourcemanager.googleapis.com/v1/projects/fine-line-laser-cutting:testIamPermissions had HTTP Error: 401, Request had invalid authentication credentials. Expected OAuth 2 access token, login cookie or other valid authentication credential. See https://developers.google.com/identity/sign-in/web/devconsole-project.
[debug] [2026-05-20T05:00:39.745Z] Checked if tokens are valid: false, expires at: 1749079149889
[debug] [2026-05-20T05:00:39.745Z] Checked if tokens are valid: false, expires at: 1749079149889
[debug] [2026-05-20T05:00:39.745Z] > refreshing access token with scopes: []
[debug] [2026-05-20T05:00:39.745Z] >>> [apiv2][query] POST https://www.googleapis.com/oauth2/v3/token [none]
[debug] [2026-05-20T05:00:39.746Z] >>> [apiv2][body] POST https://www.googleapis.com/oauth2/v3/token [omitted]
[debug] [2026-05-20T05:00:39.812Z] <<< [apiv2][status] POST https://www.googleapis.com/oauth2/v3/token 400
[debug] [2026-05-20T05:00:39.812Z] <<< [apiv2][body] POST https://www.googleapis.com/oauth2/v3/token [omitted]
[debug] [2026-05-20T05:00:39.813Z] >>> [apiv2][query] GET https://firebase.googleapis.com/v1beta1/projects/fine-line-laser-cutting [none]
[debug] [2026-05-20T05:00:39.924Z] <<< [apiv2][status] GET https://firebase.googleapis.com/v1beta1/projects/fine-line-laser-cutting 401
[debug] [2026-05-20T05:00:39.925Z] <<< [apiv2][body] GET https://firebase.googleapis.com/v1beta1/projects/fine-line-laser-cutting {"error":{"code":401,"message":"Request had invalid authentication credentials. Expected OAuth 2 access token, login cookie or other valid authentication credential. See https://developers.google.com/identity/sign-in/web/devconsole-project.","status":"UNAUTHENTICATED"}}
[debug] [2026-05-20T05:00:39.925Z] Got a 401 Unauthenticated error for a call that required authentication. Refreshing tokens.
[debug] [2026-05-20T05:00:39.925Z] Checked if tokens are valid: false, expires at: 1749079149889
[debug] [2026-05-20T05:00:39.925Z] Checked if tokens are valid: false, expires at: 1749079149889
[debug] [2026-05-20T05:00:39.925Z] > refreshing access token with scopes: []
[debug] [2026-05-20T05:00:39.926Z] >>> [apiv2][query] POST https://www.googleapis.com/oauth2/v3/token [none]
[debug] [2026-05-20T05:00:39.926Z] >>> [apiv2][body] POST https://www.googleapis.com/oauth2/v3/token [omitted]
[debug] [2026-05-20T05:00:39.996Z] <<< [apiv2][status] POST https://www.googleapis.com/oauth2/v3/token 400
[debug] [2026-05-20T05:00:39.997Z] <<< [apiv2][body] POST https://www.googleapis.com/oauth2/v3/token [omitted]
[debug] [2026-05-20T05:00:39.997Z] Request to https://firebase.googleapis.com/v1beta1/projects/fine-line-laser-cutting had HTTP Error: 401, Request had invalid authentication credentials. Expected OAuth 2 access token, login cookie or other valid authentication credential. See https://developers.google.com/identity/sign-in/web/devconsole-project.
[debug] [2026-05-20T05:00:40.000Z] Specified "public" directory "build" does not exist; Deploy to Hosting site "" may fail or be empty.
[error] 
[error] Error: Assertion failed: resolving hosting target of a site with no site name or target name. This should have caused an error earlier
[debug] [2026-05-20T05:01:44.332Z] ----------------------------------------------------------------------
[debug] [2026-05-20T05:01:44.333Z] Command:       /Users/spotts/.nvm/versions/node/v20.19.0/bin/node /Users/spotts/.nvm/versions/node/v20.19.0/bin/firebase deploy --only hosting
[debug] [2026-05-20T05:01:44.333Z] CLI Version:   14.5.1
[debug] [2026-05-20T05:01:44.333Z] Platform:      darwin
[debug] [2026-05-20T05:01:44.333Z] Node Version:  v20.19.0
[debug] [2026-05-20T05:01:44.333Z] Time:          Tue May 19 2026 22:01:44 GMT-0700 (Mountain Standard Time)
[debug] [2026-05-20T05:01:44.333Z] ----------------------------------------------------------------------
[debug] 
[debug] [2026-05-20T05:01:44.402Z] > command requires scopes: ["email","openid","https://www.googleapis.com/auth/cloudplatformprojects.readonly","https://www.googleapis.com/auth/firebase","https://www.googleapis.com/auth/cloud-platform"]
[debug] [2026-05-20T05:01:44.402Z] > authorizing via signed-in user (mcspotts@gmail.com)
[debug] [2026-05-20T05:01:44.402Z] [iam] checking project fine-line-laser-cutting for permissions ["firebase.projects.get","firebasehosting.sites.update"]
[debug] [2026-05-20T05:01:44.402Z] Checked if tokens are valid: false, expires at: 1749079149889
[debug] [2026-05-20T05:01:44.402Z] Checked if tokens are valid: false, expires at: 1749079149889
[debug] [2026-05-20T05:01:44.403Z] > refreshing access token with scopes: []
[debug] [2026-05-20T05:01:44.403Z] >>> [apiv2][query] POST https://www.googleapis.com/oauth2/v3/token [none]
[debug] [2026-05-20T05:01:44.403Z] >>> [apiv2][body] POST https://www.googleapis.com/oauth2/v3/token [omitted]
[debug] [2026-05-20T05:01:44.525Z] <<< [apiv2][status] POST https://www.googleapis.com/oauth2/v3/token 400
[debug] [2026-05-20T05:01:44.525Z] <<< [apiv2][body] POST https://www.googleapis.com/oauth2/v3/token [omitted]
[debug] [2026-05-20T05:01:44.525Z] >>> [apiv2][query] POST https://cloudresourcemanager.googleapis.com/v1/projects/fine-line-laser-cutting:testIamPermissions [none]
[debug] [2026-05-20T05:01:44.525Z] >>> [apiv2][(partial)header] POST https://cloudresourcemanager.googleapis.com/v1/projects/fine-line-laser-cutting:testIamPermissions x-goog-quota-user=projects/fine-line-laser-cutting
[debug] [2026-05-20T05:01:44.525Z] >>> [apiv2][body] POST https://cloudresourcemanager.googleapis.com/v1/projects/fine-line-laser-cutting:testIamPermissions {"permissions":["firebase.projects.get","firebasehosting.sites.update"]}
[debug] [2026-05-20T05:01:44.754Z] <<< [apiv2][status] POST https://cloudresourcemanager.googleapis.com/v1/projects/fine-line-laser-cutting:testIamPermissions 401
[debug] [2026-05-20T05:01:44.755Z] <<< [apiv2][body] POST https://cloudresourcemanager.googleapis.com/v1/projects/fine-line-laser-cutting:testIamPermissions {"error":{"code":401,"message":"Request had invalid authentication credentials. Expected OAuth 2 access token, login cookie or other valid authentication credential. See https://developers.google.com/identity/sign-in/web/devconsole-project.","status":"UNAUTHENTICATED","details":[{"@type":"type.googleapis.com/google.rpc.ErrorInfo","reason":"ACCESS_TOKEN_TYPE_UNSUPPORTED","metadata":{"method":"google.cloudresourcemanager.v1.Projects.TestIamPermissions","service":"cloudresourcemanager.googleapis.com"}}]}}
[debug] [2026-05-20T05:01:44.755Z] Got a 401 Unauthenticated error for a call that required authentication. Refreshing tokens.
[debug] [2026-05-20T05:01:44.755Z] Checked if tokens are valid: false, expires at: 1749079149889
[debug] [2026-05-20T05:01:44.755Z] Checked if tokens are valid: false, expires at: 1749079149889
[debug] [2026-05-20T05:01:44.755Z] > refreshing access token with scopes: []
[debug] [2026-05-20T05:01:44.756Z] >>> [apiv2][query] POST https://www.googleapis.com/oauth2/v3/token [none]
[debug] [2026-05-20T05:01:44.756Z] >>> [apiv2][body] POST https://www.googleapis.com/oauth2/v3/token [omitted]
[debug] [2026-05-20T05:01:44.816Z] <<< [apiv2][status] POST https://www.googleapis.com/oauth2/v3/token 400
[debug] [2026-05-20T05:01:44.816Z] <<< [apiv2][body] POST https://www.googleapis.com/oauth2/v3/token [omitted]
[debug] [2026-05-20T05:01:44.818Z] [iam] error while checking permissions, command may fail: Request to https://cloudresourcemanager.googleapis.com/v1/projects/fine-line-laser-cutting:testIamPermissions had HTTP Error: 401, Request had invalid authentication credentials. Expected OAuth 2 access token, login cookie or other valid authentication credential. See https://developers.google.com/identity/sign-in/web/devconsole-project.
[debug] [2026-05-20T05:01:44.819Z] Checked if tokens are valid: false, expires at: 1749079149889
[debug] [2026-05-20T05:01:44.819Z] Checked if tokens are valid: false, expires at: 1749079149889
[debug] [2026-05-20T05:01:44.819Z] > refreshing access token with scopes: []
[debug] [2026-05-20T05:01:44.820Z] >>> [apiv2][query] POST https://www.googleapis.com/oauth2/v3/token [none]
[debug] [2026-05-20T05:01:44.820Z] >>> [apiv2][body] POST https://www.googleapis.com/oauth2/v3/token [omitted]
[debug] [2026-05-20T05:01:44.892Z] <<< [apiv2][status] POST https://www.googleapis.com/oauth2/v3/token 400
[debug] [2026-05-20T05:01:44.892Z] <<< [apiv2][body] POST https://www.googleapis.com/oauth2/v3/token [omitted]
[debug] [2026-05-20T05:01:44.893Z] >>> [apiv2][query] GET https://firebase.googleapis.com/v1beta1/projects/fine-line-laser-cutting [none]
[debug] [2026-05-20T05:01:44.992Z] <<< [apiv2][status] GET https://firebase.googleapis.com/v1beta1/projects/fine-line-laser-cutting 401
[debug] [2026-05-20T05:01:44.992Z] <<< [apiv2][body] GET https://firebase.googleapis.com/v1beta1/projects/fine-line-laser-cutting {"error":{"code":401,"message":"Request had invalid authentication credentials. Expected OAuth 2 access token, login cookie or other valid authentication credential. See https://developers.google.com/identity/sign-in/web/devconsole-project.","status":"UNAUTHENTICATED"}}
[debug] [2026-05-20T05:01:44.992Z] Got a 401 Unauthenticated error for a call that required authentication. Refreshing tokens.
[debug] [2026-05-20T05:01:44.992Z] Checked if tokens are valid: false, expires at: 1749079149889
[debug] [2026-05-20T05:01:44.993Z] Checked if tokens are valid: false, expires at: 1749079149889
[debug] [2026-05-20T05:01:44.993Z] > refreshing access token with scopes: []
[debug] [2026-05-20T05:01:44.993Z] >>> [apiv2][query] POST https://www.googleapis.com/oauth2/v3/token [none]
[debug] [2026-05-20T05:01:44.993Z] >>> [apiv2][body] POST https://www.googleapis.com/oauth2/v3/token [omitted]
[debug] [2026-05-20T05:01:45.062Z] <<< [apiv2][status] POST https://www.googleapis.com/oauth2/v3/token 400
[debug] [2026-05-20T05:01:45.062Z] <<< [apiv2][body] POST https://www.googleapis.com/oauth2/v3/token [omitted]
[debug] [2026-05-20T05:01:45.062Z] Request to https://firebase.googleapis.com/v1beta1/projects/fine-line-laser-cutting had HTTP Error: 401, Request had invalid authentication credentials. Expected OAuth 2 access token, login cookie or other valid authentication credential. See https://developers.google.com/identity/sign-in/web/devconsole-project.
[debug] [2026-05-20T05:01:45.065Z] Specified "public" directory "build" does not exist; Deploy to Hosting site "" may fail or be empty.
[error] 
[error] Error: Assertion failed: resolving hosting target of a site with no site name or target name. This should have caused an error earlier
